PASS runCoreProfileTypeValidationRegressionTests
PASS runProductionRegressionTests
PASS runCoreRegressionTests
PASS runCutPieceBoundaryTests
PASS runCuttingPhysicsRegressionTests
PASS runDecimalExactFitRegressionTest
PASS runOrderInputRegressionTests
PASS runStoredOrderValidationRegressionTests
PASS runUnknownProfileRegressionTest
PASS runClosingProfileRegressionTest
PASS runMaterialVariantIsolationRegressionTest
PASS runMixedMaterialVariantRegressionTest
PASS runDemandAccountingColorRegressionTest
PASS runSourceUsageColorRegressionTest
PASS runPostOrderInventoryColorRegressionTest
PASS runCreateMaterialInventoryColorRegressionTest
PASS runMultipleNewStockColorValidationRegressionTest
PASS runDuplicateNewStockVariantValidationRegressionTest
PASS runStoredNewStockColorValidationRegressionTest
PASS runStoredDuplicateNewStockVariantRegressionTest
PASS runStoredStockRowCountValidationRegressionTest
PASS runStoredCanonicalNewStockVariantRegressionTest
PASS runStoredStockDefaultRowValidationRegressionTests
PASS runStoredProfileTypeValidationRegressionTests
PASS runStoredWorkStateColorRegressionTest
PASS runWorkFinalizationRegressionTest
PASS runWorkFinalizationPersistenceRegressionTest
PASS runOptimizationResultVerifierTest
PASS runSourceUsageVerifierTest
PASS runRemnantUsageVerifierTest
PASS runBarBalanceVerifierTest
PASS runDemandAccountingVerifierTest
PASS runAdaptedPlanColorRegressionTest
PASS runStoredPlanSemanticValidationRegressionTests
PASS runInventoryBeamFeasibilityRegressionTest
Regressioryhmät: 35/35 läpäisty
